// Jest Snapshot v1, https://goo.gl/fbAQLP

exports[`NotFoundView renders 404 layout 1`] = `
<div>
  <main
    class="not-found"
  >
    <div
      class="not-found__panel"
    >
      <span
        class="not-found__icon"
      >
        <svg
          height="70"
          id="uuid-6083a255-3678-4889-aa78-1c0382f87526"
          viewBox="0 0 400 460"
          width="70"
          xmlns="http://www.w3.org/2000/svg"
          xmlns:xlink="http://www.w3.org/1999/xlink"
        >
          <defs>
            <lineargradient
              gradientUnits="userSpaceOnUse"
              id="uuid-5f364422-dc4c-4152-a958-8cb89cbedcb4"
              x1="197.19"
              x2="201.32"
              y1="307.66"
              y2="14.72"
            >
              <stop
                offset="0"
                stop-color="#f0513c"
              />
              <stop
                offset="0.28"
                stop-color="#f47732"
              />
              <stop
                offset="0.7"
                stop-color="#f7912c"
              />
              <stop
                offset="1"
                stop-color="#fcb31b"
              />
            </lineargradient>
            <filter
              filterUnits="userSpaceOnUse"
              height="390"
              id="uuid-d5b6607b-c345-49e4-a776-c86679dba1e1"
              width="330"
              x="38.98"
              y="39.03"
            >
              <feoffset
                dx="3.96"
                dy="3.96"
              />
              <fegaussianblur
                result="uuid-33330b19-1183-4c89-8ab0-6a6ac59b67c8"
                stdDeviation="4.95"
              />
              <feflood
                flood-color="#231f20"
                flood-opacity="0.32"
              />
              <fecomposite
                in2="uuid-33330b19-1183-4c89-8ab0-6a6ac59b67c8"
                operator="in"
              />
              <fecomposite
                in="SourceGraphic"
              />
            </filter>
            <lineargradient
              gradientUnits="userSpaceOnUse"
              id="uuid-632df4d8-7dae-413a-9335-acac7412d2f2"
              x1="251.05"
              x2="247.1"
              y1="411.14"
              y2="209.26"
            >
              <stop
                offset="0"
                stop-color="#fdef28"
              />
              <stop
                offset="0"
                stop-color="#fde819"
              />
              <stop
                offset="0"
                stop-color="#f0503d"
              />
              <stop
                offset="0.3"
                stop-color="#f37433"
              />
              <stop
                offset="0.7"
                stop-color="#f68830"
              />
              <stop
                offset="1"
                stop-color="#fbaa20"
              />
            </lineargradient>
          </defs>
          <g
            id="uuid-b0814c43-a549-4954-ba93-5c35d7ce4383"
          >
            <path
              d="M340.56,90.51l-131.49-39.2c-2.96-.88-6.02-1.32-9.07-1.31-3.06,0-6.12.43-9.07,1.31L59.44,90.51c-5.64,1.68-9.48,6.78-9.44,12.53.25,35.43,1.5,140.68,3.99,153.26,12.22,61.57,45.04,79.33,76.03,103.25,22.36,16.92,41.54,35.36,60.26,47.59,2.94,1.92,6.33,2.87,9.72,2.85,3.39.01,6.78-.94,9.72-2.85,18.72-12.24,37.9-30.67,60.26-47.59,30.98-23.92,63.81-41.68,76.03-103.25,2.5-12.58,3.75-117.83,3.99-153.26.04-5.76-3.8-10.85-9.44-12.53ZM200,230.51c-26.72,0-48.37-21.62-48.37-48.29s21.66-48.29,48.37-48.29,48.37,21.62,48.37,48.29-21.66,48.29-48.37,48.29Z"
              fill="url(#uuid-5f364422-dc4c-4152-a958-8cb89cbedcb4)"
              filter="url(#uuid-d5b6607b-c345-49e4-a776-c86679dba1e1)"
              id="uuid-8329ad40-6caa-4380-8d8d-b6f9a0e643cb"
            />
            <path
              d="M155.52,380.16c7.87,5.96,22.63,19.06,34.75,26.99,2.94,1.92,6.33,2.87,9.72,2.85,3.39.01,6.78-.94,9.72-2.85,18.72-12.24,37.9-30.67,60.26-47.59,30.98-23.92,63.81-41.68,76.03-103.25,1.63-8.22,2.94-84.56,3.03-96.85.02-2.85-23.23,82.57-101.64,98.36-113.51,22.86-107.53,110.25-91.87,122.34Z"
              fill="url(#uuid-632df4d8-7dae-413a-9335-acac7412d2f2)"
              id="uuid-d19a2cfa-cf7e-454c-9477-90ce8d3ebde1"
            />
          </g>
        </svg>
      </span>
      <h1>
        <span>
          <svg
            fill="none"
            height="32"
            stroke="currentColor"
            stroke-linecap="round"
            stroke-linejoin="round"
            stroke-width="2"
            viewBox="0 0 24 24"
            width="32"
          >
            <path
              d="M12 16h.01"
            />
            <path
              d="M12 8v4"
            />
            <path
              d="M15.312 2a2 2 0 0 1 1.414.586l4.688 4.688A2 2 0 0 1 22 8.688v6.624a2 2 0 0 1-.586 1.414l-4.688 4.688a2 2 0 0 1-1.414.586H8.688a2 2 0 0 1-1.414-.586l-4.688-4.688A2 2 0 0 1 2 15.312V8.688a2 2 0 0 1 .586-1.414l4.688-4.688A2 2 0 0 1 8.688 2z"
            />
          </svg>
        </span>
        404
      </h1>
      <p>
        This page doesn't exist. The URL may be wrong or moved.
      </p>
      <a
        class="not-found__link"
        href="/en-gb"
      >
        Back
        <svg
          fill="none"
          height="20"
          stroke="currentColor"
          stroke-linecap="round"
          stroke-linejoin="round"
          stroke-width="2"
          viewBox="0 0 24 24"
          width="20"
        >
          <path
            d="m9 18 6-6-6-6"
          />
        </svg>
      </a>
    </div>
  </main>
</div>
`;
